This is pdfTeX, Version 3.141592653-2.6-1.40.28 (TeX Live 2025) (preloaded format=pdflatex 2025.9.16)  2 JUL 2026 10:51
entering extended mode
 restricted \write18 enabled.
 %&-line parsing enabled.
**SAFE_snow_gmacs.tex
(./SAFE_snow_gmacs.tex
LaTeX2e <2025-06-01> patch level 1
L3 programming layer <2025-08-13>
(c:/Users/cody.szuwalski/AppData/Roaming/TinyTeX/texmf-dist/tex/latex/base/article.cls
Document Class: article 2025/01/22 v1.4n Standard LaTeX document class
(c:/Users/cody.szuwalski/AppData/Roaming/TinyTeX/texmf-dist/tex/latex/base/size10.clo
File: size10.clo 2025/01/22 v1.4n Standard LaTeX file (size option)
)
\c@part=\count275
\c@section=\count276
\c@subsection=\count277
\c@subsubsection=\count278
\c@paragraph=\count279
\c@subparagraph=\count280
\c@figure=\count281
\c@table=\count282
\abovecaptionskip=\skip49
\belowcaptionskip=\skip50
\bibindent=\dimen148
) (c:/Users/cody.szuwalski/AppData/Roaming/TinyTeX/texmf-dist/tex/latex/xcolor/xcolor.sty
Package: xcolor 2024/09/29 v3.02 LaTeX color extensions (UK)
(c:/Users/cody.szuwalski/AppData/Roaming/TinyTeX/texmf-dist/tex/latex/graphics-cfg/color.cfg
File: color.cfg 2016/01/02 v1.6 sample color configuration
)
Package xcolor Info: Driver file: pdftex.def on input line 274.
(c:/Users/cody.szuwalski/AppData/Roaming/TinyTeX/texmf-dist/tex/latex/graphics-def/pdftex.def
File: pdftex.def 2024/04/13 v1.2c Graphics/color driver for pdftex
) (c:/Users/cody.szuwalski/AppData/Roaming/TinyTeX/texmf-dist/tex/latex/graphics/mathcolor.ltx)
Package xcolor Info: Model `cmy' substituted by `cmy0' on input line 1349.
Package xcolor Info: Model `hsb' substituted by `rgb' on input line 1353.
Package xcolor Info: Model `RGB' extended on input line 1365.
Package xcolor Info: Model `HTML' substituted by `rgb' on input line 1367.
Package xcolor Info: Model `Hsb' substituted by `hsb' on input line 1368.
Package xcolor Info: Model `tHsb' substituted by `hsb' on input line 1369.
Package xcolor Info: Model `HSB' substituted by `hsb' on input line 1370.
Package xcolor Info: Model `Gray' substituted by `gray' on input line 1371.
Package xcolor Info: Model `wave' substituted by `hsb' on input line 1372.
) (c:/Users/cody.szuwalski/AppData/Roaming/TinyTeX/texmf-dist/tex/latex/geometry/geometry.sty
Package: geometry 2020/01/02 v5.9 Page Geometry
(c:/Users/cody.szuwalski/AppData/Roaming/TinyTeX/texmf-dist/tex/latex/graphics/keyval.sty
Package: keyval 2022/05/29 v1.15 key=value parser (DPC)
\KV@toks@=\toks17
) (c:/Users/cody.szuwalski/AppData/Roaming/TinyTeX/texmf-dist/tex/generic/iftex/ifvtex.sty
Package: ifvtex 2019/10/25 v1.7 ifvtex legacy package. Use iftex instead.
(c:/Users/cody.szuwalski/AppData/Roaming/TinyTeX/texmf-dist/tex/generic/iftex/iftex.sty
Package: iftex 2024/12/12 v1.0g TeX engine tests
))
\Gm@cnth=\count283
\Gm@cntv=\count284
\c@Gm@tempcnt=\count285
\Gm@bindingoffset=\dimen149
\Gm@wd@mp=\dimen150
\Gm@odd@mp=\dimen151
\Gm@even@mp=\dimen152
\Gm@layoutwidth=\dimen153
\Gm@layoutheight=\dimen154
\Gm@layouthoffset=\dimen155
\Gm@layoutvoffset=\dimen156
\Gm@dimlist=\toks18
) (c:/Users/cody.szuwalski/AppData/Roaming/TinyTeX/texmf-dist/tex/latex/amsmath/amsmath.sty
Package: amsmath 2025/07/09 v2.17z AMS math features
\@mathmargin=\skip51
For additional information on amsmath, use the `?' option.
(c:/Users/cody.szuwalski/AppData/Roaming/TinyTeX/texmf-dist/tex/latex/amsmath/amstext.sty
Package: amstext 2024/11/17 v2.01 AMS text
(c:/Users/cody.szuwalski/AppData/Roaming/TinyTeX/texmf-dist/tex/latex/amsmath/amsgen.sty
File: amsgen.sty 1999/11/30 v2.0 generic functions
\@emptytoks=\toks19
\ex@=\dimen157
)) (c:/Users/cody.szuwalski/AppData/Roaming/TinyTeX/texmf-dist/tex/latex/amsmath/amsbsy.sty
Package: amsbsy 1999/11/29 v1.2d Bold Symbols
\pmbraise@=\dimen158
) (c:/Users/cody.szuwalski/AppData/Roaming/TinyTeX/texmf-dist/tex/latex/amsmath/amsopn.sty
Package: amsopn 2022/04/08 v2.04 operator names
)
\inf@bad=\count286
LaTeX Info: Redefining \frac on input line 233.
\uproot@=\count287
\leftroot@=\count288
LaTeX Info: Redefining \overline on input line 398.
LaTeX Info: Redefining \colon on input line 409.
\classnum@=\count289
\DOTSCASE@=\count290
LaTeX Info: Redefining \ldots on input line 495.
LaTeX Info: Redefining \dots on input line 498.
LaTeX Info: Redefining \cdots on input line 619.
\Mathstrutbox@=\box53
\strutbox@=\box54
LaTeX Info: Redefining \big on input line 721.
LaTeX Info: Redefining \Big on input line 722.
LaTeX Info: Redefining \bigg on input line 723.
LaTeX Info: Redefining \Bigg on input line 724.
\big@size=\dimen159
LaTeX Font Info:    Redeclaring font encoding OML on input line 742.
LaTeX Font Info:    Redeclaring font encoding OMS on input line 743.
\macc@depth=\count291
LaTeX Info: Redefining \bmod on input line 904.
LaTeX Info: Redefining \pmod on input line 909.
LaTeX Info: Redefining \smash on input line 939.
LaTeX Info: Redefining \relbar on input line 969.
LaTeX Info: Redefining \Relbar on input line 970.
\c@MaxMatrixCols=\count292
\dotsspace@=\muskip17
\c@parentequation=\count293
\dspbrk@lvl=\count294
\tag@help=\toks20
\row@=\count295
\column@=\count296
\maxfields@=\count297
\andhelp@=\toks21
\eqnshift@=\dimen160
\alignsep@=\dimen161
\tagshift@=\dimen162
\tagwidth@=\dimen163
\totwidth@=\dimen164
\lineht@=\dimen165
\@envbody=\toks22
\multlinegap=\skip52
\multlinetaggap=\skip53
\mathdisplay@stack=\toks23
LaTeX Info: Redefining \[ on input line 2950.
LaTeX Info: Redefining \] on input line 2951.
) (c:/Users/cody.szuwalski/AppData/Roaming/TinyTeX/texmf-dist/tex/latex/amsfonts/amssymb.sty
Package: amssymb 2013/01/14 v3.01 AMS font symbols
(c:/Users/cody.szuwalski/AppData/Roaming/TinyTeX/texmf-dist/tex/latex/amsfonts/amsfonts.sty
Package: amsfonts 2013/01/14 v3.01 Basic AMSFonts support
\symAMSa=\mathgroup4
\symAMSb=\mathgroup5
LaTeX Font Info:    Redeclaring math symbol \hbar on input line 98.
LaTeX Font Info:    Overwriting math alphabet `\mathfrak' in version `bold'
(Font)                  U/euf/m/n --> U/euf/b/n on input line 106.
)) (c:/Users/cody.szuwalski/AppData/Roaming/TinyTeX/texmf-dist/tex/latex/base/fontenc.sty
Package: fontenc 2024/12/21 v2.1c Standard LaTeX package
) (c:/Users/cody.szuwalski/AppData/Roaming/TinyTeX/texmf-dist/tex/latex/base/inputenc.sty
Package: inputenc 2024/02/08 v1.3d Input encoding file
\inpenc@prehook=\toks24
\inpenc@posthook=\toks25
) (c:/Users/cody.szuwalski/AppData/Roaming/TinyTeX/texmf-dist/tex/latex/base/textcomp.sty
Package: textcomp 2024/04/24 v2.1b Standard LaTeX package
) (c:/Users/cody.szuwalski/AppData/Roaming/TinyTeX/texmf-dist/tex/latex/lm/lmodern.sty
Package: lmodern 2015/05/01 v1.6.1 Latin Modern Fonts
LaTeX Font Info:    Overwriting symbol font `operators' in version `normal'
(Font)                  OT1/cmr/m/n --> OT1/lmr/m/n on input line 22.
LaTeX Font Info:    Overwriting symbol font `letters' in version `normal'
(Font)                  OML/cmm/m/it --> OML/lmm/m/it on input line 23.
LaTeX Font Info:    Overwriting symbol font `symbols' in version `normal'
(Font)                  OMS/cmsy/m/n --> OMS/lmsy/m/n on input line 24.
LaTeX Font Info:    Overwriting symbol font `largesymbols' in version `normal'
(Font)                  OMX/cmex/m/n --> OMX/lmex/m/n on input line 25.
LaTeX Font Info:    Overwriting symbol font `operators' in version `bold'
(Font)                  OT1/cmr/bx/n --> OT1/lmr/bx/n on input line 26.
LaTeX Font Info:    Overwriting symbol font `letters' in version `bold'
(Font)                  OML/cmm/b/it --> OML/lmm/b/it on input line 27.
LaTeX Font Info:    Overwriting symbol font `symbols' in version `bold'
(Font)                  OMS/cmsy/b/n --> OMS/lmsy/b/n on input line 28.
LaTeX Font Info:    Overwriting symbol font `largesymbols' in version `bold'
(Font)                  OMX/cmex/m/n --> OMX/lmex/m/n on input line 29.
LaTeX Font Info:    Overwriting math alphabet `\mathbf' in version `normal'
(Font)                  OT1/cmr/bx/n --> OT1/lmr/bx/n on input line 31.
LaTeX Font Info:    Overwriting math alphabet `\mathsf' in version `normal'
(Font)                  OT1/cmss/m/n --> OT1/lmss/m/n on input line 32.
LaTeX Font Info:    Overwriting math alphabet `\mathit' in version `normal'
(Font)                  OT1/cmr/m/it --> OT1/lmr/m/it on input line 33.
LaTeX Font Info:    Overwriting math alphabet `\mathtt' in version `normal'
(Font)                  OT1/cmtt/m/n --> OT1/lmtt/m/n on input line 34.
LaTeX Font Info:    Overwriting math alphabet `\mathbf' in version `bold'
(Font)                  OT1/cmr/bx/n --> OT1/lmr/bx/n on input line 35.
LaTeX Font Info:    Overwriting math alphabet `\mathsf' in version `bold'
(Font)                  OT1/cmss/bx/n --> OT1/lmss/bx/n on input line 36.
LaTeX Font Info:    Overwriting math alphabet `\mathit' in version `bold'
(Font)                  OT1/cmr/bx/it --> OT1/lmr/bx/it on input line 37.
LaTeX Font Info:    Overwriting math alphabet `\mathtt' in version `bold'
(Font)                  OT1/cmtt/m/n --> OT1/lmtt/m/n on input line 38.
) (c:/Users/cody.szuwalski/AppData/Roaming/TinyTeX/texmf-dist/tex/latex/tools/longtable.sty
Package: longtable 2024-12-18 v4.23 Multi-page Table package (DPC)
\LTleft=\skip54
\LTright=\skip55
\LTpre=\skip56
\LTpost=\skip57
\LTchunksize=\count298
\LTcapwidth=\dimen166
\LT@head=\box55
\LT@firsthead=\box56
\LT@foot=\box57
\LT@lastfoot=\box58
\LT@gbox=\box59
\LT@cols=\count299
\LT@rows=\count300
\c@LT@tables=\count301
\c@LT@chunks=\count302
\LT@p@ftn=\toks26
) (c:/Users/cody.szuwalski/AppData/Roaming/TinyTeX/texmf-dist/tex/latex/booktabs/booktabs.sty
Package: booktabs 2020/01/12 v1.61803398 Publication quality tables
\heavyrulewidth=\dimen167
\lightrulewidth=\dimen168
\cmidrulewidth=\dimen169
\belowrulesep=\dimen170
\belowbottomsep=\dimen171
\aboverulesep=\dimen172
\abovetopsep=\dimen173
\cmidrulesep=\dimen174
\cmidrulekern=\dimen175
\defaultaddspace=\dimen176
\@cmidla=\count303
\@cmidlb=\count304
\@aboverulesep=\dimen177
\@belowrulesep=\dimen178
\@thisruleclass=\count305
\@lastruleclass=\count306
\@thisrulewidth=\dimen179
) (c:/Users/cody.szuwalski/AppData/Roaming/TinyTeX/texmf-dist/tex/latex/tools/array.sty
Package: array 2025/06/08 v2.6j Tabular extension package (FMi)
\col@sep=\dimen180
\ar@mcellbox=\box60
\extrarowheight=\dimen181
\NC@list=\toks27
\extratabsurround=\skip58
\backup@length=\skip59
\ar@cellbox=\box61
) (c:/Users/cody.szuwalski/AppData/Roaming/TinyTeX/texmf-dist/tex/latex/tools/calc.sty
Package: calc 2025/03/01 v4.3b Infix arithmetic (KKT,FJ)
\calc@Acount=\count307
\calc@Bcount=\count308
\calc@Adimen=\dimen182
\calc@Bdimen=\dimen183
\calc@Askip=\skip60
\calc@Bskip=\skip61
LaTeX Info: Redefining \setlength on input line 86.
LaTeX Info: Redefining \addtolength on input line 87.
\calc@Ccount=\count309
\calc@Cskip=\skip62
) (c:/Users/cody.szuwalski/AppData/Roaming/TinyTeX/texmf-dist/tex/latex/etoolbox/etoolbox.sty
Package: etoolbox 2025/10/02 v2.5m e-TeX tools for LaTeX (JAW)
\etb@tempcnta=\count310
) (c:/Users/cody.szuwalski/AppData/Roaming/TinyTeX/texmf-dist/tex/latex/mdwtools/footnote.sty
Package: footnote 1997/01/28 1.13 Save footnotes around boxes
\fn@notes=\box62
\fn@width=\dimen184
) (c:/Users/cody.szuwalski/AppData/Roaming/TinyTeX/texmf-dist/tex/latex/graphics/graphicx.sty
Package: graphicx 2024/12/31 v1.2e Enhanced LaTeX Graphics (DPC,SPQR)
(c:/Users/cody.szuwalski/AppData/Roaming/TinyTeX/texmf-dist/tex/latex/graphics/graphics.sty
Package: graphics 2024/08/06 v1.4g Standard LaTeX Graphics (DPC,SPQR)
(c:/Users/cody.szuwalski/AppData/Roaming/TinyTeX/texmf-dist/tex/latex/graphics/trig.sty
Package: trig 2023/12/02 v1.11 sin cos tan (DPC)
) (c:/Users/cody.szuwalski/AppData/Roaming/TinyTeX/texmf-dist/tex/latex/graphics-cfg/graphics.cfg
File: graphics.cfg 2016/06/04 v1.11 sample graphics configuration
)
Package graphics Info: Driver file: pdftex.def on input line 106.
)
\Gin@req@height=\dimen185
\Gin@req@width=\dimen186
)
\pandoc@box=\box63
(c:/Users/cody.szuwalski/AppData/Roaming/TinyTeX/texmf-dist/tex/latex/pdfpages/pdfpages.sty
Package: pdfpages 2025/07/23 v0.6g Insert pages of external PDF documents (AM)
(c:/Users/cody.szuwalski/AppData/Roaming/TinyTeX/texmf-dist/tex/latex/base/ifthen.sty
Package: ifthen 2024/03/16 v1.1e Standard LaTeX ifthen package (DPC)
) (c:/Users/cody.szuwalski/AppData/Roaming/TinyTeX/texmf-dist/tex/latex/eso-pic/eso-pic.sty
Package: eso-pic 2025/12/10 v3.0d eso-pic (RN)
\ESO@tempdima=\dimen187
\ESO@tempdimb=\dimen188
)
\AM@pagewidth=\dimen189
\AM@pageheight=\dimen190
\AM@fboxrule=\dimen191
(c:/Users/cody.szuwalski/AppData/Roaming/TinyTeX/texmf-dist/tex/latex/pdfpages/pppdftex.def
File: pppdftex.def 2025/07/23 v0.6g Pdfpages driver for pdfTeX (AM)
)
\pdfpages@includegraphics@status=\count311
\AM@pagebox=\box64
\AM@global@opts=\toks28
\AM@pagecnt=\count312
\AM@toc@title=\toks29
\AM@lof@heading=\toks30
\c@AM@survey=\count313
\AM@templatesizebox=\box65
) (c:/Users/cody.szuwalski/AppData/Roaming/TinyTeX/texmf-dist/tex/latex/bookmark/bookmark.sty
Package: bookmark 2023-12-10 v1.31 PDF bookmarks (HO)
(c:/Users/cody.szuwalski/AppData/Roaming/TinyTeX/texmf-dist/tex/latex/hyperref/hyperref.sty
Package: hyperref 2025-07-12 v7.01o Hypertext links for LaTeX
(c:/Users/cody.szuwalski/AppData/Roaming/TinyTeX/texmf-dist/tex/latex/kvsetkeys/kvsetkeys.sty
Package: kvsetkeys 2022-10-05 v1.19 Key value parser (HO)
) (c:/Users/cody.szuwalski/AppData/Roaming/TinyTeX/texmf-dist/tex/generic/kvdefinekeys/kvdefinekeys.sty
Package: kvdefinekeys 2019-12-19 v1.6 Define keys (HO)
) (c:/Users/cody.szuwalski/AppData/Roaming/TinyTeX/texmf-dist/tex/generic/pdfescape/pdfescape.sty
Package: pdfescape 2019/12/09 v1.15 Implements pdfTeX's escape features (HO)
(c:/Users/cody.szuwalski/AppData/Roaming/TinyTeX/texmf-dist/tex/generic/ltxcmds/ltxcmds.sty
Package: ltxcmds 2023-12-04 v1.26 LaTeX kernel commands for general use (HO)
) (c:/Users/cody.szuwalski/AppData/Roaming/TinyTeX/texmf-dist/tex/generic/pdftexcmds/pdftexcmds.sty
Package: pdftexcmds 2020-06-27 v0.33 Utility functions of pdfTeX for LuaTeX (HO)
(c:/Users/cody.szuwalski/AppData/Roaming/TinyTeX/texmf-dist/tex/generic/infwarerr/infwarerr.sty
Package: infwarerr 2019/12/03 v1.5 Providing info/warning/error messages (HO)
)
Package pdftexcmds Info: \pdf@primitive is available.
Package pdftexcmds Info: \pdf@ifprimitive is available.
Package pdftexcmds Info: \pdfdraftmode found.
)) (c:/Users/cody.szuwalski/AppData/Roaming/TinyTeX/texmf-dist/tex/latex/hycolor/hycolor.sty
Package: hycolor 2020-01-27 v1.10 Color options for hyperref/bookmark (HO)
) (c:/Users/cody.szuwalski/AppData/Roaming/TinyTeX/texmf-dist/tex/latex/hyperref/nameref.sty
Package: nameref 2025-06-21 v2.57 Cross-referencing by name of section
(c:/Users/cody.szuwalski/AppData/Roaming/TinyTeX/texmf-dist/tex/latex/refcount/refcount.sty
Package: refcount 2019/12/15 v3.6 Data extraction from label references (HO)
) (c:/Users/cody.szuwalski/AppData/Roaming/TinyTeX/texmf-dist/tex/generic/gettitlestring/gettitlestring.sty
Package: gettitlestring 2019/12/15 v1.6 Cleanup title references (HO)
(c:/Users/cody.szuwalski/AppData/Roaming/TinyTeX/texmf-dist/tex/latex/kvoptions/kvoptions.sty
Package: kvoptions 2022-06-15 v3.15 Key value format for package options (HO)
))
\c@section@level=\count314
) (c:/Users/cody.szuwalski/AppData/Roaming/TinyTeX/texmf-dist/tex/generic/stringenc/stringenc.sty
Package: stringenc 2019/11/29 v1.12 Convert strings between diff. encodings (HO)
)
\@linkdim=\dimen192
\Hy@linkcounter=\count315
\Hy@pagecounter=\count316
(c:/Users/cody.szuwalski/AppData/Roaming/TinyTeX/texmf-dist/tex/latex/hyperref/pd1enc.def
File: pd1enc.def 2025-07-12 v7.01o Hyperref: PDFDocEncoding definition (HO)
Now handling font encoding PD1 ...
... no UTF-8 mapping file for font encoding PD1
) (c:/Users/cody.szuwalski/AppData/Roaming/TinyTeX/texmf-dist/tex/generic/intcalc/intcalc.sty
Package: intcalc 2019/12/15 v1.3 Expandable calculations with integers (HO)
)
\Hy@SavedSpaceFactor=\count317
(c:/Users/cody.szuwalski/AppData/Roaming/TinyTeX/texmf-dist/tex/latex/hyperref/puenc.def
File: puenc.def 2025-07-12 v7.01o Hyperref: PDF Unicode definition (HO)
Now handling font encoding PU ...
... no UTF-8 mapping file for font encoding PU
)
Package hyperref Info: Option `unicode' set `true' on input line 4066.
Package hyperref Info: Hyper figures OFF on input line 4195.
Package hyperref Info: Link nesting OFF on input line 4200.
Package hyperref Info: Hyper index ON on input line 4203.
Package hyperref Info: Plain pages OFF on input line 4210.
Package hyperref Info: Backreferencing OFF on input line 4215.
Package hyperref Info: Implicit mode ON; LaTeX internals redefined.
Package hyperref Info: Bookmarks ON on input line 4462.
\c@Hy@tempcnt=\count318
(c:/Users/cody.szuwalski/AppData/Roaming/TinyTeX/texmf-dist/tex/latex/url/url.sty
\Urlmuskip=\muskip18
Package: url 2013/09/16  ver 3.4  Verb mode for urls, etc.
)
LaTeX Info: Redefining \url on input line 4801.
\XeTeXLinkMargin=\dimen193
(c:/Users/cody.szuwalski/AppData/Roaming/TinyTeX/texmf-dist/tex/generic/bitset/bitset.sty
Package: bitset 2019/12/09 v1.3 Handle bit-vector datatype (HO)
(c:/Users/cody.szuwalski/AppData/Roaming/TinyTeX/texmf-dist/tex/generic/bigintcalc/bigintcalc.sty
Package: bigintcalc 2019/12/15 v1.5 Expandable calculations on big integers (HO)
))
\Fld@menulength=\count319
\Field@Width=\dimen194
\Fld@charsize=\dimen195
Package hyperref Info: Hyper figures OFF on input line 6078.
Package hyperref Info: Link nesting OFF on input line 6083.
Package hyperref Info: Hyper index ON on input line 6086.
Package hyperref Info: backreferencing OFF on input line 6093.
Package hyperref Info: Link coloring OFF on input line 6098.
Package hyperref Info: Link coloring with OCG OFF on input line 6103.
Package hyperref Info: PDF/A mode OFF on input line 6108.
\Hy@abspage=\count320
\c@Item=\count321
\c@Hfootnote=\count322
)
Package hyperref Info: Driver (autodetected): hpdftex.
(c:/Users/cody.szuwalski/AppData/Roaming/TinyTeX/texmf-dist/tex/latex/hyperref/hpdftex.def
File: hpdftex.def 2025-07-12 v7.01o Hyperref driver for pdfTeX
\Fld@listcount=\count323
\c@bookmark@seq@number=\count324
(c:/Users/cody.szuwalski/AppData/Roaming/TinyTeX/texmf-dist/tex/latex/rerunfilecheck/rerunfilecheck.sty
Package: rerunfilecheck 2025-06-21 v1.11 Rerun checks for auxiliary files (HO)
(c:/Users/cody.szuwalski/AppData/Roaming/TinyTeX/texmf-dist/tex/generic/uniquecounter/uniquecounter.sty
Package: uniquecounter 2019/12/15 v1.4 Provide unlimited unique counter (HO)
)
Package uniquecounter Info: New unique counter `rerunfilecheck' on input line 284.
)
\Hy@SectionHShift=\skip63
) (c:/Users/cody.szuwalski/AppData/Roaming/TinyTeX/texmf-dist/tex/latex/bookmark/bkm-pdftex.def
File: bkm-pdftex.def 2023-12-10 v1.31 bookmark driver for pdfTeX and luaTeX (HO)
\BKM@id=\count325
))
LaTeX Font Info:    Trying to load font information for T1+lmr on input line 82.
(c:/Users/cody.szuwalski/AppData/Roaming/TinyTeX/texmf-dist/tex/latex/lm/t1lmr.fd
File: t1lmr.fd 2015/05/01 v1.6.1 Font defs for Latin Modern
) (c:/Users/cody.szuwalski/AppData/Roaming/TinyTeX/texmf-dist/tex/latex/l3backend/l3backend-pdftex.def
File: l3backend-pdftex.def 2025-06-09 L3 backend support: PDF output (pdfTeX)
\l__color_backend_stack_int=\count326
) (./SAFE_snow_gmacs.aux)
\openout1 = `SAFE_snow_gmacs.aux'.

LaTeX Font Info:    Checking defaults for OML/cmm/m/it on input line 82.
LaTeX Font Info:    ... okay on input line 82.
LaTeX Font Info:    Checking defaults for OMS/cmsy/m/n on input line 82.
LaTeX Font Info:    ... okay on input line 82.
LaTeX Font Info:    Checking defaults for OT1/cmr/m/n on input line 82.
LaTeX Font Info:    ... okay on input line 82.
LaTeX Font Info:    Checking defaults for T1/cmr/m/n on input line 82.
LaTeX Font Info:    ... okay on input line 82.
LaTeX Font Info:    Checking defaults for TS1/cmr/m/n on input line 82.
LaTeX Font Info:    ... okay on input line 82.
LaTeX Font Info:    Checking defaults for OMX/cmex/m/n on input line 82.
LaTeX Font Info:    ... okay on input line 82.
LaTeX Font Info:    Checking defaults for U/cmr/m/n on input line 82.
LaTeX Font Info:    ... okay on input line 82.
LaTeX Font Info:    Checking defaults for PD1/pdf/m/n on input line 82.
LaTeX Font Info:    ... okay on input line 82.
LaTeX Font Info:    Checking defaults for PU/pdf/m/n on input line 82.
LaTeX Font Info:    ... okay on input line 82.
(c:/Users/cody.szuwalski/AppData/Roaming/TinyTeX/texmf-dist/tex/latex/epstopdf-pkg/epstopdf-base.sty
Package: epstopdf-base 2020-01-24 v2.11 Base part for package epstopdf
Package epstopdf-base Info: Redefining graphics rule for `.eps' on input line 485.
(c:/Users/cody.szuwalski/AppData/Roaming/TinyTeX/texmf-dist/tex/latex/latexconfig/epstopdf-sys.cfg
File: epstopdf-sys.cfg 2010/07/13 v1.3 Configuration of (r)epstopdf for TeX Live
))
*geometry* driver: auto-detecting
*geometry* detected driver: pdftex
*geometry* verbose mode - [ preamble ] result:
* driver: pdftex
* paper: <default>
* layout: <same size as paper>
* layoutoffset:(h,v)=(0.0pt,0.0pt)
* modes: 
* h-part:(L,W,R)=(72.26999pt, 469.75502pt, 72.26999pt)
* v-part:(T,H,B)=(72.26999pt, 650.43001pt, 72.26999pt)
* \paperwidth=614.295pt
* \paperheight=794.96999pt
* \textwidth=469.75502pt
* \textheight=650.43001pt
* \oddsidemargin=0.0pt
* \evensidemargin=0.0pt
* \topmargin=-37.0pt
* \headheight=12.0pt
* \headsep=25.0pt
* \topskip=10.0pt
* \footskip=30.0pt
* \marginparwidth=65.0pt
* \marginparsep=11.0pt
* \columnsep=10.0pt
* \skip\footins=9.0pt plus 4.0pt minus 2.0pt
* \hoffset=0.0pt
* \voffset=0.0pt
* \mag=1000
* \@twocolumnfalse
* \@twosidefalse
* \@mparswitchfalse
* \@reversemarginfalse
* (1in=72.27pt=25.4mm, 1cm=28.453pt)

(c:/Users/cody.szuwalski/AppData/Roaming/TinyTeX/texmf-dist/tex/latex/pdflscape/pdflscape.sty
Package: pdflscape 2025-06-23 v0.14 Display of landscape pages in PDF
(c:/Users/cody.szuwalski/AppData/Roaming/TinyTeX/texmf-dist/tex/latex/pdflscape/pdflscape-nometadata.sty
Package: pdflscape-nometadata 2025-06-23 v0.14 Display of landscape pages in PDF (HO)
(c:/Users/cody.szuwalski/AppData/Roaming/TinyTeX/texmf-dist/tex/latex/graphics/lscape.sty
Package: lscape 2020/05/28 v3.02 Landscape Pages (DPC)
)
Package pdflscape Info: Auto-detected driver: pdftex on input line 81.
))
Package hyperref Info: Link coloring OFF on input line 82.
LaTeX Font Info:    Trying to load font information for OT1+lmr on input line 84.
(c:/Users/cody.szuwalski/AppData/Roaming/TinyTeX/texmf-dist/tex/latex/lm/ot1lmr.fd
File: ot1lmr.fd 2015/05/01 v1.6.1 Font defs for Latin Modern
)
LaTeX Font Info:    Trying to load font information for OML+lmm on input line 84.
(c:/Users/cody.szuwalski/AppData/Roaming/TinyTeX/texmf-dist/tex/latex/lm/omllmm.fd
File: omllmm.fd 2015/05/01 v1.6.1 Font defs for Latin Modern
)
LaTeX Font Info:    Trying to load font information for OMS+lmsy on input line 84.
(c:/Users/cody.szuwalski/AppData/Roaming/TinyTeX/texmf-dist/tex/latex/lm/omslmsy.fd
File: omslmsy.fd 2015/05/01 v1.6.1 Font defs for Latin Modern
)
LaTeX Font Info:    Trying to load font information for OMX+lmex on input line 84.
(c:/Users/cody.szuwalski/AppData/Roaming/TinyTeX/texmf-dist/tex/latex/lm/omxlmex.fd
File: omxlmex.fd 2015/05/01 v1.6.1 Font defs for Latin Modern
)
LaTeX Font Info:    External font `lmex10' loaded for size
(Font)              <12> on input line 84.
LaTeX Font Info:    External font `lmex10' loaded for size
(Font)              <8> on input line 84.
LaTeX Font Info:    External font `lmex10' loaded for size
(Font)              <6> on input line 84.
LaTeX Font Info:    Trying to load font information for U+msa on input line 84.
(c:/Users/cody.szuwalski/AppData/Roaming/TinyTeX/texmf-dist/tex/latex/amsfonts/umsa.fd
File: umsa.fd 2013/01/14 v3.01 AMS symbols A
)
LaTeX Font Info:    Trying to load font information for U+msb on input line 84.
(c:/Users/cody.szuwalski/AppData/Roaming/TinyTeX/texmf-dist/tex/latex/amsfonts/umsb.fd
File: umsb.fd 2013/01/14 v3.01 AMS symbols B
) (./SAFE_snow_gmacs.toc
LaTeX Font Info:    External font `lmex10' loaded for size
(Font)              <10> on input line 4.
LaTeX Font Info:    External font `lmex10' loaded for size
(Font)              <7> on input line 4.
LaTeX Font Info:    External font `lmex10' loaded for size
(Font)              <5> on input line 4.


[1

{c:/Users/cody.szuwalski/AppData/Roaming/TinyTeX/texmf-var/fonts/map/pdftex/updmap/pdftex.map}{c:/Users/cody.szuwalski/AppData/Roaming/TinyTeX/texmf-dist/fonts/enc/dvips/lm/lm-ec.enc}])
\tf@toc=\write3
\openout3 = `SAFE_snow_gmacs.toc'.



[2] (./SAFE_snow_gmacs.lot)
\tf@lot=\write4
\openout4 = `SAFE_snow_gmacs.lot'.



[3] (./SAFE_snow_gmacs.lof

[4]

[5])
\tf@lof=\write5
\openout5 = `SAFE_snow_gmacs.lof'.



[6]

[7]

[8]

[9]

[10]

[11]

[12]
LaTeX Font Info:    Trying to load font information for TS1+lmr on input line 791.
(c:/Users/cody.szuwalski/AppData/Roaming/TinyTeX/texmf-dist/tex/latex/lm/ts1lmr.fd
File: ts1lmr.fd 2015/05/01 v1.6.1 Font defs for Latin Modern
)

[13{c:/Users/cody.szuwalski/AppData/Roaming/TinyTeX/texmf-dist/fonts/enc/dvips/lm/lm-ts1.enc}]

[14]

[15]

[16]

[17]

[18{c:/Users/cody.szuwalski/AppData/Roaming/TinyTeX/texmf-dist/fonts/enc/dvips/lm/lm-mathit.enc}{c:/Users/cody.szuwalski/AppData/Roaming/TinyTeX/texmf-dist/fonts/enc/dvips/lm/lm-rm.enc}{c:/Users/cody.szuwalski/AppData/Roaming/TinyTeX/texmf-dist/fonts/enc/dvips/lm/lm-mathex.enc}{c:/Users/cody.szuwalski/AppData/Roaming/TinyTeX/texmf-dist/fonts/enc/dvips/lm/lm-mathsy.enc}]

[19]

[20]

[21]

[22]

[23]

[24]

[25]

[26]

[27]
Underfull \hbox (badness 1622) in paragraph at lines 1875--1877
[]\T1/lmr/m/n/10 Fournier, D.A. and C.P. Archibald. 1982. A gen-eral the-ory for an-a-lyz-ing catch-at-age data.
 []



[28]

[29]

[30]

[31]

[32]

[33]

[34]

[35]

[36]

[37]

[38]
<plots/figure_5_alt_rick_undelrying.png, id=576, 433.62pt x 433.62pt>
File: plots/figure_5_alt_rick_undelrying.png Graphic file (type png)
<use plots/figure_5_alt_rick_undelrying.png>
Package pdftex.def Info: plots/figure_5_alt_rick_undelrying.png  used on input line 2622.
(pdftex.def)             Requested size: 469.75502pt x 469.7781pt.
<plots/figure_5_alt_rick.png, id=577, 722.7pt x 289.08pt>
File: plots/figure_5_alt_rick.png Graphic file (type png)
<use plots/figure_5_alt_rick.png>
Package pdftex.def Info: plots/figure_5_alt_rick.png  used on input line 2628.
(pdftex.def)             Requested size: 469.75502pt x 187.90417pt.
<plots/env_relationships.png, id=578, 433.62pt x 578.16pt>
File: plots/env_relationships.png Graphic file (type png)
<use plots/env_relationships.png>
Package pdftex.def Info: plots/env_relationships.png  used on input line 2634.
(pdftex.def)             Requested size: 469.75502pt x 626.3708pt.

LaTeX Warning: Float too large for page by 11.88522pt on input line 2635.

<continuity/background/nevissi1.png, id=579, 433.62pt x 289.08pt>
File: continuity/background/nevissi1.png Graphic file (type png)
<use continuity/background/nevissi1.png>
Package pdftex.def Info: continuity/background/nevissi1.png  used on input line 2640.
(pdftex.def)             Requested size: 469.75502pt x 313.1854pt.
<continuity/background/old_shell_males_at_len.png, id=580, 505.89pt x 722.7pt>
File: continuity/background/old_shell_males_at_len.png Graphic file (type png)
<use continuity/background/old_shell_males_at_len.png>
Package pdftex.def Info: continuity/background/old_shell_males_at_len.png  used on input line 2646.
(pdftex.def)             Requested size: 2108.11575pt x 3012.41519pt.

Overfull \hbox (1638.36073pt too wide) in paragraph at lines 2646--2646
[][] 
 []


LaTeX Warning: Float too large for page by 2409.92961pt on input line 2647.

<plots/maturity_facet.png, id=581, 578.16pt x 578.16pt>
File: plots/maturity_facet.png Graphic file (type png)
<use plots/maturity_facet.png>
Package pdftex.def Info: plots/maturity_facet.png  used on input line 2652.
(pdftex.def)             Requested size: 469.75502pt x 469.75385pt.
<plots/maturity_facet_all.png, id=582, 578.16pt x 722.7pt>
File: plots/maturity_facet_all.png Graphic file (type png)
<use plots/maturity_facet_all.png>
Package pdftex.def Info: plots/maturity_facet_all.png  used on input line 2658.
(pdftex.def)             Requested size: 469.75502pt x 587.1923pt.
<plots/bycatch.png, id=583, 578.16pt x 578.16pt>
File: plots/bycatch.png Graphic file (type png)
<use plots/bycatch.png>
Package pdftex.def Info: plots/bycatch.png  used on input line 2664.
(pdftex.def)             Requested size: 422.77664pt x 422.77669pt.
<plots/size_bins_comp_Kodiak_m.png, id=584, 433.62pt x 650.43pt>
File: plots/size_bins_comp_Kodiak_m.png Graphic file (type png)
<use plots/size_bins_comp_Kodiak_m.png>
Package pdftex.def Info: plots/size_bins_comp_Kodiak_m.png  used on input line 2670.
(pdftex.def)             Requested size: 2409.4183pt x 650.47803pt.

Overfull \hbox (1939.66328pt too wide) in paragraph at lines 2670--2670
[][] 
 []


LaTeX Warning: Float too large for page by 35.99245pt on input line 2671.

<plots/n_at_l_f.png, id=585, 578.16pt x 505.89pt>
File: plots/n_at_l_f.png Graphic file (type png)
<use plots/n_at_l_f.png>
Package pdftex.def Info: plots/n_at_l_f.png  used on input line 2676.
(pdftex.def)             Requested size: 469.75502pt x 411.0346pt.
<plots/aggregate_effort.png, id=586, 722.7pt x 722.7pt>
File: plots/aggregate_effort.png Graphic file (type png)
<use plots/aggregate_effort.png>
Package pdftex.def Info: plots/aggregate_effort.png  used on input line 2682.
(pdftex.def)             Requested size: 469.75502pt x 469.76045pt.
<plots/yearly_effort.png, id=587, 722.7pt x 722.7pt>
File: plots/yearly_effort.png Graphic file (type png)
<use plots/yearly_effort.png>
Package pdftex.def Info: plots/yearly_effort.png  used on input line 2688.
(pdftex.def)             Requested size: 469.75502pt x 469.76045pt.
<plots/timeseries_cpue.png, id=588, 867.24pt x 722.7pt>
File: plots/timeseries_cpue.png Graphic file (type png)
<use plots/timeseries_cpue.png>
Package pdftex.def Info: plots/timeseries_cpue.png  used on input line 2694.
(pdftex.def)             Requested size: 469.75502pt x 391.46521pt.
<plots/cpue_trend_area.png, id=589, 722.7pt x 722.7pt>
File: plots/cpue_trend_area.png Graphic file (type png)
<use plots/cpue_trend_area.png>
Package pdftex.def Info: plots/cpue_trend_area.png  used on input line 2700.
(pdftex.def)             Requested size: 469.75502pt x 469.76045pt.


[39 <./plots/figure_5_alt_rick_undelrying.png>]

[40 <./plots/figure_5_alt_rick.png (PNG copy)>]

[41 <./plots/env_relationships.png

pdfTeX warning: pdflatex.exe (file ./plots/env_relationships.png): large interlaced PNG might cause out of memory (use non-interlaced PNG to fix this)
>]

[42 <./continuity/background/nevissi1.png>]

[43 <./continuity/background/old_shell_males_at_len.png>]

[44 <./plots/maturity_facet.png (PNG copy)>]

[45 <./plots/maturity_facet_all.png (PNG copy)>]

[46 <./plots/bycatch.png>]

[47 <./plots/size_bins_comp_Kodiak_m.png>]

[48 <./plots/n_at_l_f.png>]

[49 <./plots/aggregate_effort.png (PNG copy)>]

[50 <./plots/yearly_effort.png (PNG copy)>]

[51 <./plots/timeseries_cpue.png>]

[52 <./plots/cpue_trend_area.png>]
<continuity/background/BSFRF_map.png, id=656, 578.16pt x 578.16pt>
File: continuity/background/BSFRF_map.png Graphic file (type png)
<use continuity/background/BSFRF_map.png>
Package pdftex.def Info: continuity/background/BSFRF_map.png  used on input line 2708.
(pdftex.def)             Requested size: 469.75502pt x 469.75385pt.


[53

 <./continuity/background/bsfrf_map.png>]
<continuity/background/BSFRF_NMFS_select.png, id=662, 681.747pt x 988.8945pt>
File: continuity/background/BSFRF_NMFS_select.png Graphic file (type png)
<use continuity/background/BSFRF_NMFS_select.png>
Package pdftex.def Info: continuity/background/BSFRF_NMFS_select.png  used on input line 2714.
(pdftex.def)             Requested size: 469.75502pt x 681.4175pt.

LaTeX Warning: Float too large for page by 79.48749pt on input line 2715.

<continuity/background/BSFRF_NMFS_select_allyrs.png, id=664, 621.522pt x 396.2805pt>
File: continuity/background/BSFRF_NMFS_select_allyrs.png Graphic file (type png)
<use continuity/background/BSFRF_NMFS_select_allyrs.png>
Package pdftex.def Info: continuity/background/BSFRF_NMFS_select_allyrs.png  used on input line 2720.
(pdftex.def)             Requested size: 469.75502pt x 299.5195pt.
<continuity/background/avg_BSFRF_sel_alt.jpg, id=665, 325.37778pt x 650.59277pt>
File: continuity/background/avg_BSFRF_sel_alt.jpg Graphic file (type jpg)
<use continuity/background/avg_BSFRF_sel_alt.jpg>
Package pdftex.def Info: continuity/background/avg_BSFRF_sel_alt.jpg  used on input line 2726.
(pdftex.def)             Requested size: 469.75502pt x 939.27512pt.

LaTeX Warning: Float too large for page by 358.84511pt on input line 2727.

<continuity/background/sample_sizes.png, id=666, 645.612pt x 493.845pt>
File: continuity/background/sample_sizes.png Graphic file (type png)
<use continuity/background/sample_sizes.png>
Package pdftex.def Info: continuity/background/sample_sizes.png  used on input line 2732.
(pdftex.def)             Requested size: 469.75502pt x 359.33585pt.
<plots/jittered_ofl.png, id=667, 433.62pt x 433.62pt>
File: plots/jittered_ofl.png Graphic file (type png)
<use plots/jittered_ofl.png>
Package pdftex.def Info: plots/jittered_ofl.png  used on input line 2738.
(pdftex.def)             Requested size: 469.75502pt x 469.7781pt.
<plots/jittered_ofl_95.png, id=668, 433.62pt x 433.62pt>
File: plots/jittered_ofl_95.png Graphic file (type png)
<use plots/jittered_ofl_95.png>
Package pdftex.def Info: plots/jittered_ofl_95.png  used on input line 2744.
(pdftex.def)             Requested size: 469.75502pt x 469.7781pt.
<plots/jitter_rec.png, id=669, 481.8pt x 481.8pt>
File: plots/jitter_rec.png Graphic file (type png)
<use plots/jitter_rec.png>
Package pdftex.def Info: plots/jitter_rec.png  used on input line 2750.
(pdftex.def)             Requested size: 469.75502pt x 469.77148pt.
<SAFE_snow_gmacs_files/figure-latex/unnamed-chunk-40-1.pdf, id=670, 578.16pt x 578.16pt>
File: SAFE_snow_gmacs_files/figure-latex/unnamed-chunk-40-1.pdf Graphic file (type pdf)
<use SAFE_snow_gmacs_files/figure-latex/unnamed-chunk-40-1.pdf>
Package pdftex.def Info: SAFE_snow_gmacs_files/figure-latex/unnamed-chunk-40-1.pdf  used on input line 2757.
(pdftex.def)             Requested size: 578.15858pt x 578.15858pt.
<SAFE_snow_gmacs_files/figure-latex/unnamed-chunk-41-1.pdf, id=671, 614.295pt x 578.16pt>
File: SAFE_snow_gmacs_files/figure-latex/unnamed-chunk-41-1.pdf Graphic file (type pdf)
<use SAFE_snow_gmacs_files/figure-latex/unnamed-chunk-41-1.pdf>
Package pdftex.def Info: SAFE_snow_gmacs_files/figure-latex/unnamed-chunk-41-1.pdf  used on input line 2768.
(pdftex.def)             Requested size: 614.29349pt x 578.15858pt.
<SAFE_snow_gmacs_files/figure-latex/unnamed-chunk-42-1.pdf, id=672, 578.16pt x 433.62pt>
File: SAFE_snow_gmacs_files/figure-latex/unnamed-chunk-42-1.pdf Graphic file (type pdf)
<use SAFE_snow_gmacs_files/figure-latex/unnamed-chunk-42-1.pdf>
Package pdftex.def Info: SAFE_snow_gmacs_files/figure-latex/unnamed-chunk-42-1.pdf  used on input line 2779.
(pdftex.def)             Requested size: 578.15858pt x 433.61894pt.
<SAFE_snow_gmacs_files/figure-latex/unnamed-chunk-43-1.pdf, id=673, 578.16pt x 578.16pt>
File: SAFE_snow_gmacs_files/figure-latex/unnamed-chunk-43-1.pdf Graphic file (type pdf)
<use SAFE_snow_gmacs_files/figure-latex/unnamed-chunk-43-1.pdf>
Package pdftex.def Info: SAFE_snow_gmacs_files/figure-latex/unnamed-chunk-43-1.pdf  used on input line 2789.
(pdftex.def)             Requested size: 578.15858pt x 578.15858pt.
<plots/size_comp_1.png, id=674, 578.16pt x 578.16pt>
File: plots/size_comp_1.png Graphic file (type png)
<use plots/size_comp_1.png>
Package pdftex.def Info: plots/size_comp_1.png  used on input line 2796.
(pdftex.def)             Requested size: 469.75502pt x 469.75385pt.
<plots/size_comp_2.png, id=675, 578.16pt x 578.16pt>
File: plots/size_comp_2.png Graphic file (type png)
<use plots/size_comp_2.png>
Package pdftex.def Info: plots/size_comp_2.png  used on input line 2802.
(pdftex.def)             Requested size: 469.75502pt x 469.75385pt.
<plots/size_comp_3.png, id=676, 578.16pt x 578.16pt>
File: plots/size_comp_3.png Graphic file (type png)
<use plots/size_comp_3.png>
Package pdftex.def Info: plots/size_comp_3.png  used on input line 2808.
(pdftex.def)             Requested size: 469.75502pt x 469.75385pt.
<plots/size_comp_4.png, id=677, 578.16pt x 578.16pt>
File: plots/size_comp_4.png Graphic file (type png)
<use plots/size_comp_4.png>
Package pdftex.def Info: plots/size_comp_4.png  used on input line 2814.
(pdftex.def)             Requested size: 469.75502pt x 469.75385pt.
<plots/size_comp_5.png, id=678, 578.16pt x 578.16pt>
File: plots/size_comp_5.png Graphic file (type png)
<use plots/size_comp_5.png>
Package pdftex.def Info: plots/size_comp_5.png  used on input line 2820.
(pdftex.def)             Requested size: 469.75502pt x 469.75385pt.
<plots/size_comp_6.png, id=679, 578.16pt x 578.16pt>
File: plots/size_comp_6.png Graphic file (type png)
<use plots/size_comp_6.png>
Package pdftex.def Info: plots/size_comp_6.png  used on input line 2826.
(pdftex.def)             Requested size: 469.75502pt x 469.75385pt.
<plots/size_comp_8.png, id=680, 578.16pt x 578.16pt>
File: plots/size_comp_8.png Graphic file (type png)
<use plots/size_comp_8.png>
Package pdftex.def Info: plots/size_comp_8.png  used on input line 2832.
(pdftex.def)             Requested size: 469.75502pt x 469.75385pt.
<plots/size_comp_7.png, id=681, 578.16pt x 578.16pt>
File: plots/size_comp_7.png Graphic file (type png)
<use plots/size_comp_7.png>
Package pdftex.def Info: plots/size_comp_7.png  used on input line 2838.
(pdftex.def)             Requested size: 469.75502pt x 469.75385pt.
<plots/size_comp_9.png, id=682, 578.16pt x 578.16pt>
File: plots/size_comp_9.png Graphic file (type png)
<use plots/size_comp_9.png>
Package pdftex.def Info: plots/size_comp_9.png  used on input line 2844.
(pdftex.def)             Requested size: 469.75502pt x 469.75385pt.
<plots/size_comp_10.png, id=683, 578.16pt x 578.16pt>
File: plots/size_comp_10.png Graphic file (type png)
<use plots/size_comp_10.png>
Package pdftex.def Info: plots/size_comp_10.png  used on input line 2850.
(pdftex.def)             Requested size: 469.75502pt x 469.75385pt.
<plots/size_comp_12.png, id=684, 578.16pt x 578.16pt>
File: plots/size_comp_12.png Graphic file (type png)
<use plots/size_comp_12.png>
Package pdftex.def Info: plots/size_comp_12.png  used on input line 2856.
(pdftex.def)             Requested size: 469.75502pt x 469.75385pt.
<plots/size_comp_11.png, id=685, 578.16pt x 578.16pt>
File: plots/size_comp_11.png Graphic file (type png)
<use plots/size_comp_11.png>
Package pdftex.def Info: plots/size_comp_11.png  used on input line 2862.
(pdftex.def)             Requested size: 469.75502pt x 469.75385pt.
<plots/size_comp_13.png, id=686, 578.16pt x 578.16pt>
File: plots/size_comp_13.png Graphic file (type png)
<use plots/size_comp_13.png>
Package pdftex.def Info: plots/size_comp_13.png  used on input line 2868.
(pdftex.def)             Requested size: 469.75502pt x 469.75385pt.
<SAFE_snow_gmacs_files/figure-latex/unnamed-chunk-57-1.pdf, id=687, 433.62pt x 289.08pt>
File: SAFE_snow_gmacs_files/figure-latex/unnamed-chunk-57-1.pdf Graphic file (type pdf)
<use SAFE_snow_gmacs_files/figure-latex/unnamed-chunk-57-1.pdf>
Package pdftex.def Info: SAFE_snow_gmacs_files/figure-latex/unnamed-chunk-57-1.pdf  used on input line 2874.
(pdftex.def)             Requested size: 469.75502pt x 313.1854pt.
LaTeX Font Info:    Trying to load font information for T1+lmtt on input line 2877.
(c:/Users/cody.szuwalski/AppData/Roaming/TinyTeX/texmf-dist/tex/latex/lm/t1lmtt.fd
File: t1lmtt.fd 2015/05/01 v1.6.1 Font defs for Latin Modern
)

[54]

[55 <./continuity/background/BSFRF_NMFS_select.png>]
<SAFE_snow_gmacs_files/figure-latex/unnamed-chunk-58-1.pdf, id=699, 505.89pt x 722.7pt>
File: SAFE_snow_gmacs_files/figure-latex/unnamed-chunk-58-1.pdf Graphic file (type pdf)
<use SAFE_snow_gmacs_files/figure-latex/unnamed-chunk-58-1.pdf>
Package pdftex.def Info: SAFE_snow_gmacs_files/figure-latex/unnamed-chunk-58-1.pdf  used on input line 2886.
(pdftex.def)             Requested size: 505.88875pt x 722.69823pt.

LaTeX Warning: Float too large for page by 35.94943pt on input line 2891.

<SAFE_snow_gmacs_files/figure-latex/unnamed-chunk-59-1.pdf, id=700, 578.16pt x 578.16pt>
File: SAFE_snow_gmacs_files/figure-latex/unnamed-chunk-59-1.pdf Graphic file (type pdf)
<use SAFE_snow_gmacs_files/figure-latex/unnamed-chunk-59-1.pdf>
Package pdftex.def Info: SAFE_snow_gmacs_files/figure-latex/unnamed-chunk-59-1.pdf  used on input line 2897.
(pdftex.def)             Requested size: 578.15858pt x 578.15858pt.
<SAFE_snow_gmacs_files/figure-latex/unnamed-chunk-60-1.pdf, id=701, 578.16pt x 722.7pt>
File: SAFE_snow_gmacs_files/figure-latex/unnamed-chunk-60-1.pdf Graphic file (type pdf)
<use SAFE_snow_gmacs_files/figure-latex/unnamed-chunk-60-1.pdf>
Package pdftex.def Info: SAFE_snow_gmacs_files/figure-latex/unnamed-chunk-60-1.pdf  used on input line 2906.
(pdftex.def)             Requested size: 578.15858pt x 722.69823pt.
<SAFE_snow_gmacs_files/figure-latex/unnamed-chunk-61-1.pdf, id=702, 578.16pt x 722.7pt>
File: SAFE_snow_gmacs_files/figure-latex/unnamed-chunk-61-1.pdf Graphic file (type pdf)
<use SAFE_snow_gmacs_files/figure-latex/unnamed-chunk-61-1.pdf>
Package pdftex.def Info: SAFE_snow_gmacs_files/figure-latex/unnamed-chunk-61-1.pdf  used on input line 2915.
(pdftex.def)             Requested size: 578.15858pt x 722.69823pt.
<SAFE_snow_gmacs_files/figure-latex/unnamed-chunk-62-1.pdf, id=703, 578.16pt x 722.7pt>
File: SAFE_snow_gmacs_files/figure-latex/unnamed-chunk-62-1.pdf Graphic file (type pdf)
<use SAFE_snow_gmacs_files/figure-latex/unnamed-chunk-62-1.pdf>
Package pdftex.def Info: SAFE_snow_gmacs_files/figure-latex/unnamed-chunk-62-1.pdf  used on input line 2924.
(pdftex.def)             Requested size: 578.15858pt x 722.69823pt.
<SAFE_snow_gmacs_files/figure-latex/unnamed-chunk-66-1.pdf, id=704, 578.16pt x 722.7pt>
File: SAFE_snow_gmacs_files/figure-latex/unnamed-chunk-66-1.pdf Graphic file (type pdf)
<use SAFE_snow_gmacs_files/figure-latex/unnamed-chunk-66-1.pdf>
Package pdftex.def Info: SAFE_snow_gmacs_files/figure-latex/unnamed-chunk-66-1.pdf  used on input line 2939.
(pdftex.def)             Requested size: 578.15858pt x 722.69823pt.
<SAFE_snow_gmacs_files/figure-latex/unnamed-chunk-67-1.pdf, id=705, 578.16pt x 578.16pt>
File: SAFE_snow_gmacs_files/figure-latex/unnamed-chunk-67-1.pdf Graphic file (type pdf)
<use SAFE_snow_gmacs_files/figure-latex/unnamed-chunk-67-1.pdf>
Package pdftex.def Info: SAFE_snow_gmacs_files/figure-latex/unnamed-chunk-67-1.pdf  used on input line 2949.
(pdftex.def)             Requested size: 578.15858pt x 578.15858pt.
<plots/historical_mating_mmb_est.png, id=706, 578.16pt x 722.7pt>
File: plots/historical_mating_mmb_est.png Graphic file (type png)
<use plots/historical_mating_mmb_est.png>
Package pdftex.def Info: plots/historical_mating_mmb_est.png  used on input line 2958.
(pdftex.def)             Requested size: 469.75502pt x 587.1923pt.

LaTeX Warning: Float too large for page by 8.70673pt on input line 2959.

<plots/rema_tier_4.png, id=707, 505.89pt x 722.7pt>
File: plots/rema_tier_4.png Graphic file (type png)
<use plots/rema_tier_4.png>
Package pdftex.def Info: plots/rema_tier_4.png  used on input line 2963.
(pdftex.def)             Requested size: 469.75502pt x 671.08952pt.

LaTeX Warning: Float too large for page by 69.15952pt on input line 2964.

<plots/obs_exploit_rate.png, id=708, 505.89pt x 505.89pt>
File: plots/obs_exploit_rate.png Graphic file (type png)
<use plots/obs_exploit_rate.png>
Package pdftex.def Info: plots/obs_exploit_rate.png  used on input line 2969.
(pdftex.def)             Requested size: 469.75502pt x 469.76265pt.
<plots/projections.png, id=709, 578.16pt x 578.16pt>
File: plots/projections.png Graphic file (type png)
<use plots/projections.png>
Package pdftex.def Info: plots/projections.png  used on input line 2975.
(pdftex.def)             Requested size: 469.75502pt x 469.75385pt.
<plots/projections_2.png, id=710, 578.16pt x 578.16pt>
File: plots/projections_2.png Graphic file (type png)
<use plots/projections_2.png>
Package pdftex.def Info: plots/projections_2.png  used on input line 2981.
(pdftex.def)             Requested size: 469.75502pt x 469.75385pt.


[56 <./continuity/background/BSFRF_NMFS_select_allyrs.png>]

[57 <./continuity/background/avg_BSFRF_sel_alt.jpg>]

[58 <./continuity/background/sample_sizes.png>]

[59 <./plots/jittered_ofl.png>]

[60 <./plots/jittered_ofl_95.png>]

[61 <./plots/jitter_rec.png>]

[62 <./SAFE_snow_gmacs_files/figure-latex/unnamed-chunk-40-1.pdf>]

[63 <./SAFE_snow_gmacs_files/figure-latex/unnamed-chunk-41-1.pdf>]

[64 <./SAFE_snow_gmacs_files/figure-latex/unnamed-chunk-42-1.pdf>]

[65 <./SAFE_snow_gmacs_files/figure-latex/unnamed-chunk-43-1.pdf>]

[66 <./plots/size_comp_1.png>]

[67 <./plots/size_comp_2.png>]

[68 <./plots/size_comp_3.png>]

[69 <./plots/size_comp_4.png>]

[70 <./plots/size_comp_5.png>]

[71 <./plots/size_comp_6.png>]

[72 <./plots/size_comp_8.png>]

[73 <./plots/size_comp_7.png>]

[74 <./plots/size_comp_9.png>]

[75 <./plots/size_comp_10.png>]

[76 <./plots/size_comp_12.png>]

[77 <./plots/size_comp_11.png>]

[78 <./plots/size_comp_13.png>]

[79 <./SAFE_snow_gmacs_files/figure-latex/unnamed-chunk-57-1.pdf>]

[80 <./SAFE_snow_gmacs_files/figure-latex/unnamed-chunk-58-1.pdf>]

[81 <./SAFE_snow_gmacs_files/figure-latex/unnamed-chunk-59-1.pdf>]

[82 <./SAFE_snow_gmacs_files/figure-latex/unnamed-chunk-60-1.pdf>]

[83 <./SAFE_snow_gmacs_files/figure-latex/unnamed-chunk-61-1.pdf>]

[84 <./SAFE_snow_gmacs_files/figure-latex/unnamed-chunk-62-1.pdf>]

[85 <./SAFE_snow_gmacs_files/figure-latex/unnamed-chunk-66-1.pdf>]

[86 <./SAFE_snow_gmacs_files/figure-latex/unnamed-chunk-67-1.pdf>]

[87 <./plots/historical_mating_mmb_est.png>]

[88 <./plots/rema_tier_4.png>]

[89 <./plots/obs_exploit_rate.png>]

[90 <./plots/projections.png>]

[91 <./plots/projections_2.png>] (./SAFE_snow_gmacs.aux)
 ***********
LaTeX2e <2025-06-01> patch level 1
L3 programming layer <2025-08-13>
 ***********
 ) 
Here is how much of TeX's memory you used:
 13201 strings out of 469780
 218193 string characters out of 5479743
 701138 words of memory out of 5000000
 41146 multiletter control sequences out of 15000+600000
 685080 words of font info for 84 fonts, out of 8000000 for 9000
 14 hyphenation exceptions out of 8191
 89i,9n,93p,973b,553s stack positions out of 10000i,1000n,20000p,200000b,200000s
<c:/Users/cody.szuwalski/AppData/Roaming/TinyTeX/texmf-dist/fonts/type1/public/lm/lmbx10.pfb><c:/Users/cody.szuwalski/AppData/Roaming/TinyTeX/texmf-dist/fonts/type1/public/lm/lmbx12.pfb><c:/Users/cody.szuwalski/AppData/Roaming/TinyTeX/texmf-dist/fonts/type1/public/lm/lmex10.pfb><c:/Users/cody.szuwalski/AppData/Roaming/TinyTeX/texmf-dist/fonts/type1/public/lm/lmmi10.pfb><c:/Users/cody.szuwalski/AppData/Roaming/TinyTeX/texmf-dist/fonts/type1/public/lm/lmmi5.pfb><c:/Users/cody.szuwalski/AppData/Roaming/TinyTeX/texmf-dist/fonts/type1/public/lm/lmmi7.pfb><c:/Users/cody.szuwalski/AppData/Roaming/TinyTeX/texmf-dist/fonts/type1/public/lm/lmr10.pfb><c:/Users/cody.szuwalski/AppData/Roaming/TinyTeX/texmf-dist/fonts/type1/public/lm/lmr12.pfb><c:/Users/cody.szuwalski/AppData/Roaming/TinyTeX/texmf-dist/fonts/type1/public/lm/lmr17.pfb><c:/Users/cody.szuwalski/AppData/Roaming/TinyTeX/texmf-dist/fonts/type1/public/lm/lmr5.pfb><c:/Users/cody.szuwalski/AppData/Roaming/TinyTeX/texmf-dist/fonts/type1/public/lm/lmr7.pfb><c:/Users/cody.szuwalski/AppData/Roaming/TinyTeX/texmf-dist/fonts/type1/public/lm/lmri10.pfb><c:/Users/cody.szuwalski/AppData/Roaming/TinyTeX/texmf-dist/fonts/type1/public/lm/lmri7.pfb><c:/Users/cody.szuwalski/AppData/Roaming/TinyTeX/texmf-dist/fonts/type1/public/lm/lmsy10.pfb><c:/Users/cody.szuwalski/AppData/Roaming/TinyTeX/texmf-dist/fonts/type1/public/lm/lmsy7.pfb><c:/Users/cody.szuwalski/AppData/Roaming/TinyTeX/texmf-dist/fonts/type1/public/lm/lmtt10.pfb>
Output written on SAFE_snow_gmacs.pdf (91 pages, 5365735 bytes).
PDF statistics:
 1218 PDF objects out of 1440 (max. 8388607)
 984 compressed objects within 10 object streams
 226 named destinations out of 1000 (max. 500000)
 581 words of extra memory for PDF output out of 10000 (max. 10000000)

